Hii this is browser Stack interview 
Hii this is browser Stack interview 
Hii this is browser Stack interview 
Hii this is browser Stack interview 
Hii this is browser Stack interview 

